\BOOKMARK [1][-]{section.1}{\376\377\000I\000n\000t\000r\000o\000d\000u\000c\000t\000i\000o\000n}{}% 1
\BOOKMARK [1][-]{section.2}{\376\377\000R\000e\000l\000a\000t\000e\000d\000\040\000W\000o\000r\000k}{}% 2
\BOOKMARK [2][-]{subsection.2.1}{\376\377\000D\000y\000n\000a\000m\000i\000c\000\040\000W\000o\000r\000k\000f\000l\000o\000w\000\040\000S\000c\000h\000e\000d\000u\000l\000i\000n\000g\000\040\000i\000n\000\040\000C\000l\000o\000u\000d\040\023\000E\000d\000g\000e\000\040\000S\000y\000s\000t\000e\000m\000s}{section.2}% 3
\BOOKMARK [2][-]{subsection.2.2}{\376\377\000R\000u\000l\000e\000-\000A\000s\000s\000i\000s\000t\000e\000d\000\040\000R\000e\000i\000n\000f\000o\000r\000c\000e\000m\000e\000n\000t\000\040\000L\000e\000a\000r\000n\000i\000n\000g\000\040\000f\000o\000r\000\040\000D\000y\000n\000a\000m\000i\000c\000\040\000S\000c\000h\000e\000d\000u\000l\000i\000n\000g}{section.2}% 4
\BOOKMARK [2][-]{subsection.2.3}{\376\377\000P\000r\000e\000f\000e\000r\000e\000n\000c\000e\000-\000A\000w\000a\000r\000e\000\040\000M\000u\000l\000t\000i\000-\000O\000b\000j\000e\000c\000t\000i\000v\000e\000\040\000L\000e\000a\000r\000n\000i\000n\000g}{section.2}% 5
\BOOKMARK [1][-]{section.3}{\376\377\000P\000r\000o\000b\000l\000e\000m\000\040\000M\000o\000d\000e\000l\000l\000i\000n\000g}{}% 6
\BOOKMARK [1][-]{section.4}{\376\377\000T\000h\000e\000\040\000P\000r\000o\000p\000o\000s\000e\000d\000\040\000P\000R\000S\000-\000G\000P\000D\000R\000L\000\040\000A\000l\000g\000o\000r\000i\000t\000h\000m}{}% 7
\BOOKMARK [2][-]{subsection.4.1}{\376\377\000O\000v\000e\000r\000a\000l\000l\000\040\000F\000r\000a\000m\000e\000w\000o\000r\000k\000\040\000o\000f\000\040\000P\000R\000S\000-\000G\000P\000D\000R\000L}{section.4}% 8
\BOOKMARK [2][-]{subsection.4.2}{\376\377\000C\000C\000G\000P\000\040\000T\000r\000a\000i\000n\000i\000n\000g\000\040\000a\000n\000d\000\040\000A\000c\000t\000i\000o\000n\000\040\000E\000x\000t\000r\000a\000c\000t\000i\000o\000n}{section.4}% 9
\BOOKMARK [2][-]{subsection.4.3}{\376\377\000R\000i\000s\000k\000-\000S\000t\000r\000a\000t\000i\000f\000i\000e\000d\000\040\000A\000c\000t\000i\000o\000n\000\040\000A\000u\000g\000m\000e\000n\000t\000a\000t\000i\000o\000n}{section.4}% 10
\BOOKMARK [2][-]{subsection.4.4}{\376\377\000M\000D\000P\000\040\000F\000o\000r\000m\000u\000l\000a\000t\000i\000o\000n\000\040\000f\000o\000r\000\040\000P\000r\000e\000f\000e\000r\000e\000n\000c\000e\000-\000A\000w\000a\000r\000e\000\040\000R\000u\000l\000e\000\040\000S\000e\000l\000e\000c\000t\000i\000o\000n}{section.4}% 11
\BOOKMARK [2][-]{subsection.4.5}{\376\377\000P\000r\000e\000f\000e\000r\000e\000n\000c\000e\000-\000A\000w\000a\000r\000e\000\040\000M\000u\000l\000t\000i\000-\000O\000b\000j\000e\000c\000t\000i\000v\000e\000\040\000D\000D\000Q\000N}{section.4}% 12
\BOOKMARK [2][-]{subsection.4.6}{\376\377\000T\000r\000a\000i\000n\000i\000n\000g\000\040\000a\000n\000d\000\040\000I\000n\000f\000e\000r\000e\000n\000c\000e\000\040\000P\000r\000o\000c\000e\000d\000u\000r\000e}{section.4}% 13
\BOOKMARK [1][-]{section.5}{\376\377\000P\000e\000r\000f\000o\000r\000m\000a\000n\000c\000e\000\040\000E\000v\000a\000l\000u\000a\000t\000i\000o\000n}{}% 14
\BOOKMARK [2][-]{subsection.5.1}{\376\377\000C\000o\000m\000p\000a\000r\000e\000d\000\040\000A\000l\000g\000o\000r\000i\000t\000h\000m\000s}{section.5}% 15
\BOOKMARK [2][-]{subsection.5.2}{\376\377\000C\000l\000o\000u\000d\040\023\000E\000d\000g\000e\000\040\000E\000n\000v\000i\000r\000o\000n\000m\000e\000n\000t\000\040\000a\000n\000d\000\040\000W\000o\000r\000k\000l\000o\000a\000d\000s}{section.5}% 16
\BOOKMARK [2][-]{subsection.5.3}{\376\377\000T\000r\000a\000i\000n\000i\000n\000g\000\040\000a\000n\000d\000\040\000T\000e\000s\000t\000\040\000P\000r\000o\000t\000o\000c\000o\000l}{section.5}% 17
\BOOKMARK [2][-]{subsection.5.4}{\376\377\000E\000v\000a\000l\000u\000a\000t\000i\000o\000n\000\040\000M\000e\000t\000r\000i\000c\000s}{section.5}% 18
\BOOKMARK [2][-]{subsection.5.5}{\376\377\000O\000v\000e\000r\000a\000l\000l\000\040\000P\000e\000r\000f\000o\000r\000m\000a\000n\000c\000e}{section.5}% 19
\BOOKMARK [3][-]{subsubsection.5.5.1}{\376\377\000C\000o\000m\000p\000a\000r\000i\000s\000o\000n\000\040\000o\000f\000\040\000H\000y\000p\000e\000r\000v\000o\000l\000u\000m\000e}{subsection.5.5}% 20
\BOOKMARK [3][-]{subsubsection.5.5.2}{\376\377\000C\000o\000m\000p\000a\000r\000i\000s\000o\000n\000\040\000o\000f\000\040\000I\000n\000v\000e\000r\000t\000e\000d\000\040\000G\000e\000n\000e\000r\000a\000t\000i\000o\000n\000a\000l\000\040\000D\000i\000s\000t\000a\000n\000c\000e}{subsection.5.5}% 21
\BOOKMARK [1][-]{section.6}{\376\377\000C\000o\000n\000c\000l\000u\000s\000i\000o\000n}{}% 22
\BOOKMARK [1][-]{section*.1}{\376\377\000R\000e\000f\000e\000r\000e\000n\000c\000e\000s}{}% 23
